403 Your API key was reported as leaked. Please use another API key.
